// Jest Snapshot v1, https://goo.gl/fbAQLP

exports[`Regular contributions Reducer should handle CHECKOUT_ERROR 1`] = `"Failed"`;

exports[`Regular contributions Reducer should handle SET_PAYPAL_BUTTON 1`] = `null`;

exports[`Regular contributions Reducer should return the initial state 1`] = `
Object {
  "csrf": Object {
    "token": null,
  },
  "directDebit": Object {
    "accountHolderConfirmation": false,
    "accountHolderName": "",
    "accountNumber": "",
    "formError": "",
    "isDDGuaranteeOpen": false,
    "isPopUpOpen": false,
    "phase": "entry",
    "sortCodeArray": Array [
      "",
      "",
      "",
    ],
  },
  "marketingConsent": Object {
    "confirmOptIn": null,
    "error": false,
  },
  "regularContrib": Object {
    "amount": 20,
    "contributionType": "MONTHLY",
    "error": null,
    "payPalHasLoaded": false,
    "paymentMethod": "DirectDebit",
    "paymentStatus": "NotStarted",
    "pollCount": 0,
    "statusUri": null,
  },
  "user": Object {
    "displayName": "",
    "email": Object {
      "shouldValidate": false,
      "value": "",
    },
    "firstName": Object {
      "shouldValidate": false,
      "value": "",
    },
    "fullName": Object {
      "shouldValidate": false,
      "value": "",
    },
    "gnmMarketing": false,
    "id": "",
    "isPostDeploymentTestUser": false,
    "isSignedIn": false,
    "isTestUser": null,
    "lastName": Object {
      "shouldValidate": false,
      "value": "",
    },
  },
}
`;
