// Jest Snapshot v1, https://goo.gl/fbAQLP

exports[`One-off Reducer should handle SET_PAYPAL_BUTTON 1`] = `null`;

exports[`One-off Reducer should return the initial state 1`] = `
Object {
  "csrf": Object {
    "token": null,
  },
  "marketingConsent": Object {
    "confirmOptIn": null,
    "error": false,
  },
  "oneoffContrib": Object {
    "amount": 20,
    "error": null,
    "paymentComplete": false,
  },
  "user": Object {
    "displayName": "",
    "email": Object {
      "shouldValidate": false,
      "value": "",
    },
    "firstName": Object {
      "shouldValidate": false,
      "value": "",
    },
    "fullName": Object {
      "shouldValidate": false,
      "value": "",
    },
    "gnmMarketing": false,
    "id": "",
    "isPostDeploymentTestUser": false,
    "isSignedIn": false,
    "isTestUser": null,
    "lastName": Object {
      "shouldValidate": false,
      "value": "",
    },
  },
}
`;
