// Jest Snapshot v1, https://goo.gl/fbAQLP

exports[`acquisitions acquisitionsWithOptimize should produce referrerAcquisitionData with optimize experiments 1`] = `
Object {
  "abTest": null,
  "abTests": Array [
    Object {
      "name": "testOne$Optimize",
      "variant": "variantOne",
    },
    Object {
      "name": "testTwo$Optimize",
      "variant": "variantTwo",
    },
    Object {
      "name": "testThree$Optimize",
      "variant": "variantSeven",
    },
    Object {
      "name": "abTestOne",
      "variant": "valueOne",
    },
  ],
  "campaignCode": "Example",
  "componentId": "exampleComponentId",
  "componentType": "exampleComponentType",
  "queryParameters": Array [
    Object {
      "name": "param1",
      "value": "value1",
    },
    Object {
      "name": "param2",
      "value": "value2",
    },
  ],
  "referrerPageviewId": "123456",
  "referrerUrl": "https://example.com",
  "source": "exampleSource",
}
`;

exports[`acquisitions derivePaymentApiAcquisitionData should return a PaymentAPIAcquisitionData correctly built 1`] = `
Object {
  "abTests": Array [
    Object {
      "name": "testId1",
      "variant": "variant1",
    },
    Object {
      "name": "testId2",
      "variant": "variant2",
    },
    Object {
      "name": "testId3",
      "variant": "variant3",
    },
    Object {
      "name": "referrerAbTest",
      "variant": "value1",
    },
  ],
  "browserId": null,
  "campaignCodes": Array [
    "Example",
  ],
  "componentId": "exampleComponentId",
  "componentType": "exampleComponentType",
  "pageviewId": "123456",
  "platform": "SUPPORT",
  "referrerPageviewId": "123456",
  "referrerUrl": "https://example.com",
  "source": "exampleSource",
  "visitId": null,
}
`;
